# group-02 — head f0e28a82 — 2026-09-20

## Lib/AlgebraicTopology/Hurewicz/CubeGluing.lean  (127 declarations, 1688 lines)
verdict: C (universe specialisation and three namespaces in one file)
twin: Hatcher Thm 4.32 proof (well-definedness of the Hurewicz map on cubes; named in docstring); nearest Mathlib: Mathlib/Topology/Homotopy/HomotopyGroup.lean (`GenLoop`, `transAt`, `symmAt`), no twin for the cubical boundary relation
findings:
- l.144 `CubicalEvaluator` and l.1327 `cubicalBoundaryValue_eq_zero` are the general textbook statement (any `X : Type u`, `A : Type v`, `[AddCommGroup A]`); this half is library material
- l.1365–1688 the whole `Hurewicz.CubeGluing` namespace (`CubeCompatible`, `glueCubeHomotopies`, `coherentCubeEndpoint`, `coherentCubeHomotopy`) is stated over `{X : Type}` while the rest of the file uses `Type*`; specialisation with no mathematical reason
- l.1632 `coherentCubeEndpoint` takes `Hurewicz.DegreeTwo.SimplyConnected.FaceCompatibleHomotopies` and `timeSlice`: a general-`n` statement depends on a namespace named for dimension two and simple connectivity (project vocabulary carried into the hypothesis type)
- three namespaces `CubicalBoundary`, `SimplexGeometry`, `CubeGluing` interleave (l.92, 211–360, 1343–1360 are `SimplexGeometry` lemmas inside `CubicalBoundary` sections); l.92 `simplexQuotient_bottom_not_last_twoBoundary` belongs with `CubeTriangulation`
- l.373–401 `whiskerStartTrack`/`MiddleTrack`/`FinishTrack` hard-code the 1/3–2/3 split; l.158 `instCoeFun1` autogenerated-style instance name
- l.45 references cite `Lib/docs/C.md §§9, 13` (an internal note) before Hatcher; l.54 `set_option maxSynthPendingDepth 3`, l.56 `open ... Filter Manifold` unused
- docstrings: module docstring with outline, 0 missing declaration docstrings
suggestion: split the file at l.1362 into `CubicalBoundary.lean` (general, `Type*`) and `CubeGluing.lean`, and lift the gluing half from `{X : Type}` to `{X : Type*}` while renaming the `DegreeTwo.SimplyConnected` dependencies to dimension-free names

## Lib/AlgebraicTopology/Hurewicz/CubeSphere.lean  (74 declarations, 992 lines)
verdict: C (universe specialisation, project dimension wrappers, three topics in one file)
twin: Hatcher Thm 4.32 (Hurewicz, named in docstring); no Mathlib twin (Mathlib has no Hurewicz theorem; nearest Mathlib/Topology/Homotopy/HomotopyGroup.lean and Mathlib/Topology/Compactification/OnePoint)
findings:
- l.904 `Hurewicz.hurewiczLinearEquiv` and l.913 `hurewiczLinearEquivOfTwoLE` are the textbook statement (`Additive (π_ n X x) ≃ₗ[ℤ] H_n X` for `X` simply connected with `π_j = 0`, `2 ≤ j < n`), correctly hypothesised; the file's core is library material
- l.351–992 every statement from `SphereCube.factor_cubeChain` on is over `{X : Type}` (l.803 `variable {X : Type}`), although `SphereCube.quotient`/`factorMap` (l.257–342) are `Type*`; the homology side (`SingularMayerVietoris.SingularHomology`) forces universe 0 — specialisation with no textbook reason
- l.930–992 `ThirdHurewicz`, `FourthHurewicz`, `FifthHurewicz` namespaces: six copy-pasted degree-3/4/5 wrappers with `[Subsingleton (π_ 2 X x)] …` instance hypotheses; the degrees are the project's (S⁶ argument) and the `hurewiczPiNEquiv` bodies are identical modulo `n`; a single `hurewiczMulEquiv (n) [∀ j, 2 ≤ j → j < n → Subsingleton (π_ j X x)]` replaces all six
- l.65–90 `OnePointCollapse.collapseLift` is a general one-point-collapse lemma belonging in `Lib/Topology/OnePointCollapse.lean`; l.92–180 `CubeSphere.OpenUnitInterval`, `cubeInteriorEuclideanHomeomorph` are general topology (cube interior ≃ₜ ℝⁿ) unrelated to Hurewicz; the file has three subjects (collapse, cube–sphere, Hurewicz)
- l.186 `SphereCube.Sphere n := Metric.sphere (0 : EuclideanSpace ℝ (Fin (n+1))) 1` re-abbreviates Mathlib's `EuclideanSpace.sphere`/`𝕊 n` notation; namespace `SphereCube` vs `Hurewicz.CubeSphere` (l.92) for the same objects
- l.48 references cite `Lib/docs/C.md §§11–13, 16`; l.55 `set_option maxSynthPendingDepth 3`, l.57 `open ... Filter Manifold` unused; file name `CubeSphere.lean` hides the Hurewicz theorem (Mathlib would name it `Hurewicz/Basic.lean` or `HurewiczTheorem.lean`)
- docstrings: module docstring with outline, 0 missing declaration docstrings
suggestion: move `collapseLift` and the cube-interior homeomorphisms out, rename the file to the theorem it proves, and replace the `Third/Fourth/FifthHurewicz` wrappers by one `hurewiczMulEquiv` parametrised by `n` with the `Subsingleton` hypotheses as a `Fact`/explicit argument

## Lib/AlgebraicTopology/Hurewicz/CubeTriangulation.lean  (73 declarations, 945 lines)
verdict: C (project-style `_mo1973_NNNN` names; general sorting/permutation lemmas mixed in)
twin: Freudenthal–Kuhn triangulation (Kuhn, "Some combinatorial lemmas in topology", IBM J. 1960; also Hatcher §2.1 conventions named in docstring); no Mathlib twin (nearest: Mathlib/Topology/Homotopy/HomotopyGroup.lean `Cube`, Mathlib/Data/Fin/Tuple/Sort.lean)
findings:
- l.134 `cubeSimplex e`, l.165 `cubeOrientation`, l.479 `cubeSimplexInverse`, l.627 `exists_cubeSimplex`, l.732 `cubeSimplex_overlap_preimage`: the textbook construction, stated for all `n` and no coefficient specialisation; this core is library material
- l.755, l.764, l.826 private lemmas `swap_trans_swap_trans_swap_mo1973_8327`, `eq_swap_of_sorted_tie_of_lt_mo1973_8328`, `label_swap_apply_mo1973_8330`: Mathoverflow-1973-ticket suffixes in declaration names (12 files in Lib carry this pattern); l.755 is `Equiv.swap_mul_swap_mul_swap`-style Mathlib material
- l.197–226 `SortedCoordinates`, `sortedPermutation`, `exists_sortedPermutation` duplicate `Tuple.sort`/`Tuple.monotone_sort` (Mathlib/Data/Fin/Tuple/Sort.lean, antitone variant); l.742–920 `eq_swap_of_sorted_tie`, `valuePreservingPermutation_induction`, `eq_of_value_preserving_swaps`, `eq_of_sorted_adjacent` are general `Equiv.Perm` combinatorics over `{ι β : Type*}` with no cube content; misplaced in a triangulation file
- l.56 `CubeN n := Fin n → unitInterval` re-abbreviates Mathlib's `I^ Fin n` (`Cube`); l.226 `sum_fin_differences` is `Fin.sum_univ_succ`-telescoping (`Finset.sum_range_sub`)
- l.40 references cite `Lib/docs/C.md §3` first; l.49 `set_option maxSynthPendingDepth 3`, l.51 `open ... Filter Manifold` unused
- docstrings: module docstring with outline, 0 missing declaration docstrings
suggestion: strip the `_mo1973_NNNN` suffixes, move l.197–226 and l.742–920 to a `Data/Fin/Tuple/Sort`-style helper file (or replace by `Tuple.sort`), and cite Kuhn 1960 in place of `docs/C.md`

## Lib/AlgebraicTopology/Hurewicz/CycleClasses.lean  (28 declarations, 284 lines)
verdict: A (verbatim Mathlib PR copy; general `R`, universes, full docs)
twin: Hatcher §2.1 (cycles mod boundaries, named); Mathlib/Algebra/Homology/ShortComplex/ModuleCat.lean (`moduleCatLeftHomologyData`), which this file builds on
findings:
- l.6 header: reference copy of Mathlib PR fabianx-ai/mathlib4#4; `module`/`public import` syntax, `universe v u`, `{R : Type u} [Ring R]`, `ChainComplex (ModuleCat.{v} R) ℕ`: fully general
- l.47 namespace `AlgebraicTopology.Hurewicz.ChainHomology` for a file with no topology; Mathlib placement would be `Algebra/Homology/ChainComplex/...` (docstring l.34 says "no theorem is proved here", which is accurate: the file is an interface)
- l.59 `Cycle1`, l.136 `Opchains`, l.68 `cycleClass`, l.214 `homologyDesc`, l.247 `mapCycles`: fixed to degree 1 by design; a degree-`n` version (`Cycle n`) is the natural generalisation Mathlib reviewers will request
- l.164, l.259 private `pi_homologyIso_inv_*` lemmas are the only glue; 0 missing docstrings, reference key `[hatcher02]` present
suggestion: generalise the degree from `1` to `n` (`K.sc n`, `prev`/`next` normalised once) before upstreaming, and move the namespace under `HomologicalComplex`

## Lib/AlgebraicTopology/Hurewicz/Degree.lean  (54 declarations, 823 lines)
verdict: C (universe specialisation, `DegreeTwo.SimplyConnected` hypothesis types, misnamed file mixing three topics)
twin: Hatcher Thm 2.10 (prism operator) and Thm 4.32 (named in docstring); no Mathlib twin (nearest Mathlib/Algebra/Homology/ShortComplex for `singularHomologyDesc`)
findings:
- file name `Degree.lean` names nothing in the file: contents are cycle straightening (l.295 `straightenedCycle`, l.351 `straightenedCycle_class`), homology descent (l.374 `singularHomologyDesc`), and constant-simplex parity (l.421–530 `boundarySignSum_even/odd`, `constantSimplexCycle`, `correctedSimplexCycle`)
- every statement from l.87 on is `{X : Type}` (42 occurrences vs 6 `Type*`), inherited from `SingularChains.singularComplex`; `nativeCubeNullHomotopy` l.61–85 alone is `Type*`
- l.295, l.351 hypotheses `Hurewicz.DegreeTwo.SimplyConnected.FaceCompatibleHomotopies n H H'` and `timeSlice`: general-`n` statements typed with a namespace named for degree two and simple connectivity (project vocabulary in the hypothesis)
- l.374 `singularHomologyDesc` is the universal property of `K.homology n` for any complex; already covered by `SingularHomology.homologyDesc` which it wraps (l.380), and by `CycleClasses.homologyDesc`; three descents in Lib
- l.591–640 `simplex_coordinate_zero_of_tail_eq`, `cubeSimplex_*_coordinate_equality_boundary` belong in `CubeTriangulation`; l.641–690 `coherentCubeEndpoint_cell_boundary`, `_internalBased` belong in `CubeGluing`; l.536–590 `chainAugmentation_*` is the augmentation of the singular complex (Hatcher §2.1 reduced homology) with no relation to the rest
- l.43 references cite `Lib/docs/C.md §§8, 12–13`; l.51 `set_option maxSynthPendingDepth 3`, l.53 `open ... Filter Manifold` unused; 0 missing docstrings (the awk false positive at l.14 is docstring prose)
suggestion: rename the file to `Straightening/CycleDescent.lean` (or fold `straightenedCycle*` into `Straightening.lean`), move the cube lemmas to their home files, and delete `singularHomologyDesc` in favour of the one existing descent

## Lib/AlgebraicTopology/Hurewicz/Degree1.lean  (134 declarations, 1101 lines)
verdict: A (verbatim Mathlib PR copy; general statement, full outline and references)
twin: Hatcher Thm 2A.1 (H₁ = π₁ᵃᵇ, named in docstring with a five-step outline); no Mathlib twin (Mathlib has `AlgebraicTopology.singularHomologyFunctor` but no Hurewicz theorem)
findings:
- l.1005 `hurewiczEquiv (b) [PathConnectedSpace X] : Additive (Abelianization (FundamentalGroup X b)) ≃ₗ[ℤ] SingularH1 X` is the textbook statement with the textbook hypothesis; l.1081 `SingularH1.map_loopHomologyClass` naturality; l.1093 `loopHomologyClass_conjugate` basepoint change
- l.21–24 the `X : Type` restriction (4 occurrences) is explained in the module docstring (coproducts indexed by the universe of the space); the `π₁` part is `Type*` (20 occurrences)
- l.93 `singularComplex`, l.97 `Chains`, l.106 `SingularH1` define the singular complex a second time next to `SingularChains.singularComplex`/`SingularChains.Chains` (used by every other Hurewicz file); two names for one object in Lib
- l.226–320 `Cycles1`, `Opchains`, `chainClass`, `homologyDesc` re-export the `CycleClasses` interface at `R = ℤ`; fine for a PR, redundant once both files live in one library
- l.527 `AbelianPi1 X b` abbreviation for `Additive (Abelianization (FundamentalGroup X b))`: nonstandard name (Mathlib would spell it out or use `FundamentalGroup.abelianization`)
- docstrings: 0 public declarations missing (awk hits l.616 prose and l.833 private); `open scoped CategoryTheory ContinuousMap` only, no project preamble
suggestion: keep as is for upstream; inside Lib, replace the local `singularComplex`/`Chains`/`SingularH1` by `SingularChains.*` so the two Hurewicz towers share one chain complex

## Lib/AlgebraicTopology/Hurewicz/DegreeSix.lean  (21 declarations, 174 lines)
verdict: D (n = 6 instantiation of general theorems, moved from `Hopf/Recognition.lean`)
twin: none: every declaration is `Hurewicz.hurewiczLinearEquiv`/`cubeChain_natural` at `m = 3, 4` (as the docstring l.27 says)
findings:
- l.51–170 `SixthHurewicz.*`: 21 declarations that are literally `Hurewicz.foo (m := 4)` (e.g. l.112 `hurewiczLinearEquiv`, l.120 `hurewiczPi6Equiv`, l.163 `hurewiczLinearEquiv_natural`); the degree `6` is the project's `S⁶` dimension; no textbook states a degree-six Hurewicz theorem
- l.33 docstring: "Moved verbatim from `Hopf/Recognition.lean`", i.e. project material by its own account; the `HigherHurewicz → Hurewicz` retargeting note is changelog, not documentation
- 21 of 21 declarations lack docstrings; l.6 `import Mathlib` plus nine Lib imports; l.42–45 kitchen-sink `open scoped ... Modular ... UpperHalfPlane`; l.47 `universe u v` unused; l.38 `set_option maxSynthPendingDepth 3`
suggestion: move the file to `Hopf/Proof/` (or delete it and let the consumer write `Hurewicz.hurewiczLinearEquivOfTwoLE x 6`), replacing it in Lib by nothing

## Lib/AlgebraicTopology/Hurewicz/H1Character.lean  (8 declarations, 119 lines)
verdict: A (verbatim Mathlib PR copy; short, documented, standard)
twin: Hatcher Thm 2A.1 with `Abelianization.lift` (named in docstring); Mathlib/GroupTheory/Abelianization (`Abelianization.lift`), no H₁ twin
findings:
- l.49 `h1CharacterOfPi1`, l.65 `pi1_ker_le_of_h1_ker_le`, l.91 `monoidHom_eq_of_h1Character_eq`, l.100 `h1CharacterOfPi1_rebaseCharacter`, l.109 `h1CharacterOfPi1_comp_map`: the expected dictionary, hypotheses exactly `[PathConnectedSpace X]`
- l.46 `variable {X Y A : Type}` inherits the universe-0 restriction of `Degree1`; l.42 `rebaseCharacter` is `Type*` and is a general `FundamentalGroup` lemma (could live in Mathlib/AlgebraicTopology/FundamentalGroup.lean)
- 0 missing docstrings; no project preamble; module docstring lists each declaration
suggestion: none beyond upstreaming; move `rebaseCharacter` next to `FundamentalGroup.fundamentalGroupMulEquivOfPath`

## Lib/AlgebraicTopology/Hurewicz/HomotopyExtension.lean  (87 declarations, 916 lines)
verdict: C (`Hurewicz.DegreeTwo.SimplyConnected` namespace for a general-`n` HEP; `_mo1973_` names; universe split)
twin: Hatcher Prop 0.16 (homotopy extension property for CW pairs, named in docstring), here for `(Δⁿ, ∂Δⁿ)`; no Mathlib twin (Mathlib has no HEP)
findings:
- l.875 `extendBoundaryHomotopy` with l.882–915 `_bottom`, `_side`, `_boundary`, `_face` and l.756 `cylinderRetraction : C(I × Δⁿ, bottomOrSide n)`: the textbook retraction `I × Δⁿ → I × ∂Δⁿ ∪ 0 × Δⁿ`, general `n` and `X : Type*`; library material
- namespace `Hurewicz.DegreeTwo.SimplyConnected` on all 75 `Hurewicz.*` declarations, none of which concerns degree two or simple connectivity; every downstream file (`CubeGluing`, `Degree`, `Straightening`, `HopfDegree`) inherits the name in its hypotheses
- l.121–470 `VerticesBased`, `FaceCompatible`, `glueFaceHomotopies`, `CofaceCompatible` are `{X : Type}` (16 occurrences) while the retraction/extension half (l.491–915) is `Type*`; the gluing needs no universe restriction
- l.439, l.791–817 private `faceCompatible_of_cofaceCompatible_lt_mo1973_6084`, `gluedBoundaryFunction_mo1973_6129…6132`: Mathoverflow-ticket suffixes in names
- l.62–110 `SingularChains.simplexFace_vertex`, `simplex_contractible`, `simplex_simplyConnected`, `triangleFacePath`, `triangleEdges_homotopic` and l.358–396 `simplexFace_comp`, `singularSimplex_face_face` (the simplicial identity) belong in `SingularHomology/Chains.lean`, not in an HEP file
- l.43 references cite `Lib/docs/C.md §5`; l.51 `set_option maxSynthPendingDepth 3`, l.53 `open ... Filter Manifold` unused; 0 missing docstrings
suggestion: rename the namespace to `Hurewicz.SimplexHEP` (or `SingularChains.Simplex`) throughout Lib, lift the gluing half to `Type*`, and move the simplicial-identity lemmas to `SingularHomology/Chains.lean`

## Lib/AlgebraicTopology/Hurewicz/HopfDegree.lean  (13 declarations, 304 lines)
verdict: B (minor: docs/names; universe 0 inherited from the chain interface)
twin: Hatcher Thm 4.32 corollary (homology vanishing ⇒ homotopy vanishing for simply connected spaces) and Cor 4.25 (Hopf degree theorem for `Sⁿ → Sⁿ`, named in title); no Mathlib twin
findings:
- l.78 `pi_subsingleton_of_homology_vanishing`, l.96 `sphere_pi_subsingleton_of_lt`, l.199 `sphere_homotopicRel_of_topClass_eq`, l.266 `sphere_homotopic_id_of_topClass`, l.288 `right_inverse_is_left_inverse`: general statements with textbook hypotheses (`[SimplyConnectedSpace X]`, vanishing range `2 ≤ k < n`); library material
- l.78–304 `{X : Type}` (8 occurrences) forced by `SingularMayerVietoris.SingularHomology`; the based-homotopy lemmas l.135–170 (`factorMap_homotopy_apply`, `factorMap_homotopyRel`) and l.225 `exists_basepoint_adjustment` are `Type*`
- l.113 `hurewiczMap_eq_second` is a bridge between two Hurewicz towers (`Hurewicz.hurewiczMap` vs the `DegreeTwo` one) with no textbook counterpart; residue of the library's history
- l.288 `right_inverse_is_left_inverse` name states no object (Mathlib style: `ContinuousMap.Homotopic.comp_id_of_injective_homologyMap` or similar); l.96 statement uses `SphereCube.Sphere n` rather than Mathlib's `EuclideanSpace` sphere notation
- l.60–61 references cite `Lib/docs/C.md §15–16` next to Hatcher; no `set_option`/kitchen-sink preamble (only `open Topology`); 0 missing docstrings
suggestion: rename `right_inverse_is_left_inverse` and `hurewiczMap_eq_second` to Mathlib-style names and drop the `docs/C.md` citations, leaving Hatcher Thm 4.32/Cor 4.25

## Lib/AlgebraicTopology/Hurewicz/Naturality.lean  (12 declarations, 239 lines)
verdict: B (minor: internal-ledger references; otherwise standard)
twin: Hatcher Thm 4.32 (naturality of the Hurewicz map is stated there in the proof; first clause `H̃_i X = 0` for `i < n`); no Mathlib twin
findings:
- l.113–195 `cubeChain_natural` … `hurewiczLinearEquivOfTwoLE_natural`: naturality in `f : C(X, Y)`, the textbook statement; l.225 `subsingleton_singularHomology_of_lt` is the vanishing half of Hurewicz (`0 < k < n`), joining the degree-one PR tower (`loopHomologyClass_surjective`) with the higher one; correct and general
- l.30–31 `{X Y : Type}` explained in the docstring ("chain interface is universe zero"); acceptable while the chain interface is
- l.20, l.22, l.63–64 references cite `Lib/docs/C.md §§11, 14` and `Lib/docs/C14-NATURALITY.md (typed ledger)`: project process documents in a `## References` block
- l.83 `homotopyMap` (map on `GenLoop`-homotopy classes induced by `f`) is a general `HomotopyGroup` functoriality def that Mathlib lacks; belongs in a `Topology/Homotopy/HomotopyGroup` helper, and `DegreeSix.lean` l.81 redefines it
- docstrings: 0 public declarations missing (awk hits l.26, l.206 are prose); l.29 the sentence "uses plain imports until its legacy dependencies support the module system" is a build note, not documentation
suggestion: replace the `docs/C.md`/`C14-NATURALITY.md` citations by Hatcher alone, drop the build-note sentence, and move `homotopyMap` to the `HomotopyGroup` helper file

## Lib/AlgebraicTopology/Hurewicz/PeriodicLoop.lean  (6 declarations, 157 lines)
verdict: A (verbatim Mathlib PR copy; one clean statement)
twin: Hatcher Thm 2A.1 (Hurewicz map is a homomorphism, named in docstring); Mathlib/Algebra/Ring/Periodic (`Function.Periodic`), no H₁ twin
findings:
- l.143 `loopHomologyClass_periodicScaledLoop : loopHomologyClass (periodicScaledLoop f hf n) = n • loopHomologyClass (periodicScaledLoop f hf 1)`: the expected statement; l.70 `periodicScaledLoop_succ_homotopic` is the path-splitting lemma via `Path.Subpath`
- l.37 `{X : Type}` inherited from `Degree1`; l.40 `periodicScaledLoop` is a general `Path` construction usable without homology (could sit in `Mathlib/Topology/Homotopy/Path.lean`)
- 0 missing docstrings; imports are specific Mathlib files; namespace `AlgebraicTopology.Hurewicz.PeriodicLoop` is a reasonable submodule name
suggestion: none beyond upstreaming

## Lib/AlgebraicTopology/Hurewicz/PrismOperator.lean  (455 declarations, 5303 lines)
verdict: C (two subjects in one file; general prism operator carries the `DegreeTwo.SimplyConnected` name; universe 0; `_mo1973_` names)
twin: Hatcher Thm 2.10 (prism operator, `∂P + P∂ = g# − f#`) and Thm 4.32 at `n = 2` (both named in docstring); no Mathlib twin for either (nearest Mathlib/AlgebraicTopology/SingularHomology/Basic.lean)
findings:
- l.744 `prismOperator`, l.706 `timeSlice`, and `prismOperator_boundary` (`∂(P c) = H₁# c − H₀# c − P(∂c)`): the textbook prism operator for any `H : C(I × A, X)`, correct signs; l.864 `simplexPrismOperator`, l.880 `FaceCompatibleHomotopies` its simplex-family version; this ~300-line section (l.703–996) is library material and every downstream file imports it under the namespace `Hurewicz.DegreeTwo.SimplyConnected`, which names neither the operator nor its generality
- l.5043 `degreeTwoLinearEquiv : Additive (π_ 2 X x) ≃ₗ[ℤ] H_2 X` for `[SimplyConnectedSpace X]`: the textbook degree-two Hurewicz theorem; the ~4,000 lines between (sections l.996–5038: vertex/edge straightening, based triangles, tetrahedron boundary, square rotation `rotationCentered` l.2304, square subdivision, two-triangle decomposition, normalized squares) are the hand-built `n = 2` case of the general argument in `CubeSphere`/`Straightening`, which then uses this file as its base case
- 248 `{X : Type}` vs 42 `Type*`; the prism operator (l.706–996) needs no universe restriction beyond the chain interface's
- 7 `_mo1973_NNNN` private names (l.4405 `basedTriangles_diagonal_mo1973_6743`, l.4458 `triangleQuotient_swapped_upper_mo1973_6748`, …)
- l.65–127 `crossProductTriangle_zero_eq_zeroRight` and the cross-product preliminaries, l.5064–5303 `composeSimplexHomotopies` and `*_const` lemmas (namespace `Hurewicz`, used by `Straightening`) are unrelated to both the prism operator and degree two
- l.55 references cite `Lib/docs/C.md §§6, 8, 12–13`; l.63 `set_option maxSynthPendingDepth 3`, l.65 `open ... Filter Manifold` unused; 0 missing docstrings on 455 declarations; sections are labelled, reading stopped after sampling the section heads and the two main statements
suggestion: split into `PrismOperator.lean` (l.703–996, namespace `SingularChains.Prism` or `Hurewicz.Prism`, `Type*`) and `DegreeTwo.lean` (the rest), and move `composeSimplexHomotopies` to `Straightening.lean`

## Lib/AlgebraicTopology/Hurewicz/SimplexCube.lean  (47 declarations, 508 lines)
verdict: B (minor: names/docs; general statement)
twin: Δⁿ ≃ₜ Iⁿ via convex bodies (Hatcher §0, "standard" fact; cited Prop 0.16 is only context); nearest Mathlib: Mathlib/Analysis/Convex/... (`Convex.homeomorph`? none found for frontier-preserving ambient homeomorphism)
findings:
- l.480 `simplexCubeHomeomorph n : Simplex n ≃ₜ (Fin n → unitInterval)` with l.488/502 `_boundary_iff`: a general, useful statement with no project data; l.418 `exists_ambientSimplexCubeHomeomorph` (two compact convex bodies with nonempty interior are ambiently homeomorphic preserving frontiers) is general convex geometry misfiled under `Hurewicz`
- l.58–100 `Hurewicz.DegreeTwo.SimplyConnected.simplexBoundary`, `SimplexBoundary`, `bottomOrSide`, `bottomInclusion`, `sideInclusion`: the simplex boundary defined under the degree-two namespace, in a file with no degree-two content; l.114 `BasedSimplex`, `constantBasedSimplex` are the file's only `{X : Type}` (2) and belong with `Degree`/`Straightening`
- l.308–325 private `flatCoordinateSum_mo1973_5884…5886`; l.105 `flatSimplexSet`, l.109 `realCubeSet` names are fine but `Hurewicz.` prefix on convex-geometry lemmas (`convex_realCubeSet`, `interior_flatSimplexSet`) misplaces them
- l.38 references: "recorded in `Lib/docs/C.md` §§4, 16" is the primary citation, Hatcher only "relevant context"; l.48 `set_option maxSynthPendingDepth 3`, l.50 `open ... Filter Manifold` unused; 0 missing docstrings
suggestion: move l.58–100 and l.114–120 to the HEP/straightening files, rename the namespace of the convex-body lemmas to `Convex`/`stdSimplex`, and cite a convex-geometry source instead of `docs/C.md`

## Lib/AlgebraicTopology/Hurewicz/SimplexPaths.lean  (49 declarations, 472 lines)
verdict: A (verbatim Mathlib PR copy; `Type*`, documented, Hatcher facts (i)–(iii) named)
twin: Hatcher proof of Thm 2A.1, facts (i)–(iii) (named in docstring); Mathlib/AlgebraicTopology/SingularHomology/Basic.lean (`stdSimplex`), Mathlib/Analysis/Convex/Contractible
findings:
- l.43 `Simplex n := stdSimplex ℝ (Fin (n+1))` as a topological space, l.48 `simplexFace`, l.134 `pathSimplex`, l.216 `concatSimplex`, l.354/359 `homotopyLower/UpperSimplex`, l.461 `triangleEdges_homotopic`: exactly the objects Hatcher's proof uses, all over `{X : Type*}`
- the same objects exist a second time in Lib as `SingularChains.Simplex`, `SingularChains.simplexFace`, `SingularChains.triangleFacePath`, `SingularChains.triangleEdges_homotopic` (HomotopyExtension.lean l.79–110): two towers define the standard simplex
- l.429 `instance : ContractibleSpace (Simplex n)` is the Mathlib-style instance; 0 missing docstrings; imports are three specific Mathlib files; `@[expose] public noncomputable section` module syntax
suggestion: none beyond upstreaming; inside Lib, make `SingularChains.Simplex` an alias of this `Simplex` so the two Hurewicz towers share one simplex

## Lib/AlgebraicTopology/Hurewicz/Straightening.lean  (44 declarations, 903 lines)
verdict: B (minor: docs/names; universe 0 inherited; two namespaces)
twin: Hatcher Thm 4.32 proof (straightening singular simplices to the basepoint by induction on skeleta, named in docstring); no Mathlib twin
findings:
- l.325 `normalizationHomotopy x n hpi` with l.336 `_zero`, l.405 `_endpoint`, l.432 `normalizedSimplex`, l.613 `classOperator`, l.885 `hurewiczInverse : H_(m+3) X →ₗ[ℤ] Additive (π_(m+3) X x)` under `[SimplyConnectedSpace X]` and `hpi : ∀ j, 2 ≤ j → j < m+3 → Subsingleton (π_ j X x)`: the textbook inductive straightening with the textbook hypotheses; library material
- l.66 `TowerPair`, l.172 `NormalizationState`, l.221 `normalizationStep`, l.312 `normalizationTower`, l.505 `topStorey`, l.530 `towerBelow`: recursion data whose names ("storey", "tower") are the project's, not Hatcher's; docstrings explain them, so names only
- 44 `{X : Type}`, 0 `Type*`: inherited from the chain interface
- l.439–500 and l.660–712 `Hurewicz.SimplexGeometry.straightenedBasedSimplex`, `basedSimplexClass_straightening`, `topStoreySimplex`, `basedSimplexClass_topStorey` are a second namespace interleaved with the tower (the `SimplexGeometry` API lives in `Subdivision.lean`)
- l.885 `hurewiczInverse` docstring says "General-`n` form of the per-degree `hurewiczInverse`", i.e. the per-degree versions (`DegreeTwo.SimplyConnected.hurewiczInverse`, `SixthHurewicz.hurewiczInverse`) still coexist
- l.49 references cite `Lib/docs/C.md §§8, 12`; l.56 `set_option maxSynthPendingDepth 3`, l.58 `open ... Filter Manifold` unused; 0 missing docstrings (l.172, l.505, l.848 have a blank line between docstring and declaration)
suggestion: rename the recursion data to Hatcher-neutral names (`SkeletonStraightening`, `straighteningStep`), remove the blank lines after the three docstrings, and cite Hatcher alone

## Lib/AlgebraicTopology/Hurewicz/SphereGenerator.lean  (3 declarations, 132 lines)
verdict: D (degree-six instance for the project's `S⁶` argument; belongs under `Hopf/Proof`)
twin: none: the general statement is Hatcher Thm 4.32 + naturality (already in `HopfDegree.lean`/`Naturality.lean`); this file is its `n = 6` instance
findings:
- l.40 `homotopyMap_bijective_of_homologyMap_bijective` and l.83 `exists_sphereMap_of_homologySixEquiv` quantify `hpi : ∀ k, 2 ≤ k → k < 6 → …` and `SingularHomology X 6 ≃ₗ[ℤ] ℤ`: the degree `6` is hard-coded although every step (Hurewicz naturality, sphere homology, Noetherian surjective-implies-injective) is degree-free; the general form would be a two-line corollary in `HopfDegree.lean`
- l.6 imports `DegreeSix.lean` (verdict D) and uses `SixthHurewicz.homotopyMap`; namespace `SixthHurewicz`
- l.9–28 module docstring is a prose proof sketch with no `## Main results`/`## References` sections, no Hatcher citation, and ends with the disclaimer "No smooth structure, homotopy inverse, or sphere recognition is asserted", which addresses the project's reviewers, not a library reader
- l.30–31 `set_option warningAsError true`, `set_option autoImplicit false` are project-CI options in a library file; 0 missing docstrings (awk hit l.18 is prose)
suggestion: state `exists_sphereMap_of_homologyEquiv` for general `n ≥ 2` next to `HopfDegree.sphere_homotopicRel_of_topClass_eq` and move this file to `Hopf/Proof/`

## Lib/AlgebraicTopology/Hurewicz/Subdivision.lean  (228 declarations, 2582 lines)
verdict: C (`_mo1973_` names; "native" project vocabulary; two namespaces interleaved)
twin: Hatcher Thm 4.32 proof (a cube class is the signed sum of the simplex classes of its Kuhn cells; named in docstring); no Mathlib twin (nearest Mathlib/Topology/Homotopy/HomotopyGroup.lean `GenLoop.transAt`/`Homotopic`)
findings:
- l.2574 `nativeCubeSubdivision_class : Additive.ofMul ⟦p⟧ = ∑ e : Perm (Fin n), cubeOrientation e • basedSimplexClass (nativeBasedCubeSimplex p hp e)` for `{X : Type*}`, `[Nontrivial (Fin n)]`: the general statement, fully general universe (99 `Type*`, 3 `Type`); l.679 `nativeClass`, l.805 `permuteCubeLoop`, l.689 `nativeClass_transAt`: the cube-class calculus used by `CubeGluing`
- "native" (`NativeSubdivision`, `nativeClass`, `NativeCubeInternalBased`, `nativeDuffyCube`, `nativeOrderedDuffyMap`, `NativeChamberChart`) is the project's word for "in `π_n` rather than in homology"; no textbook uses it; Mathlib would say `GenLoop.homotopyClass`/`cubeSubdivision`
- l.886, l.899 (and two more) private `succAbove_lt_prefix_iff_mo1973_8180`, `_8181`: Mathoverflow-ticket suffixes
- namespaces `Hurewicz.SimplexGeometry` (49 declarations: `prefixMinimum`, `extendedMinimum`, `simplexQuotient`, boundary strata l.53–548) and `Hurewicz.NativeSubdivision` (172) interleave; the `SimplexGeometry` half is a self-contained "simplex as quotient of the cube" construction that `CubeGluing`, `Straightening`, `Degree` all extend in place
- l.709 `NativeCubeInternalBased p` is a hypothesis the textbook never states (the cube is constant near the boundary strata); it exists so the subdivision lemma can be applied after `CubeGluing.coherentCubeEndpoint`; fine as a lemma hypothesis but the name says nothing mathematical
- l.38 references cite `Lib/docs/C.md §§9–10` first; l.47 `set_option maxSynthPendingDepth 3`, l.49 `open ... Filter Manifold` unused; 0 missing docstrings on 228 declarations; reading stopped after the section heads and the main statements
suggestion: split the `SimplexGeometry` half into its own file, rename `native*` to `cubeClass*`/`cubeSubdivision*`, and strip the `_mo1973_` suffixes

## Lib/AlgebraicTopology/SingularCochains.lean  (18 declarations, 184 lines)
verdict: B (minor: docs; ring/universe specialisation)
twin: Hatcher §3.1 (singular cochains `Hom(C_n(X), G)` and homotopy invariance); no Mathlib twin named (nearest: Mathlib/AlgebraicTopology/SingularHomology/HomotopyInvariance.lean, `HomologicalComplex` opposite in Mathlib/Algebra/Homology/Opposite.lean)
findings:
- l.43 `moduleDual A : (ModuleCat ℤ)ᵒᵖ ⥤ AddCommGrpCat`, l.67 `dualComplexFunctor`, l.112 `complex X A`, l.116 `pullback`, l.99/147 `dualHomotopy`/`pullbackHomotopy`, l.162 `homotopyEquivCohomologyIso`: the textbook cochain complex and homotopy invariance, correctly derived from Mathlib's chain homotopy
- every statement is over `AddCommGrpCat.{0}`, `ModuleCat.{0} ℤ`, `X : Type`; the argument is for any `R`, any `Module R A`, any universe (`Hom_R(-, A)` is contravariant additive); specialisation by inheritance from Mathlib's `ULift ℤ` singular chains
- 6 missing docstrings: l.56 `moduleDual_additive`, l.86 `dualMap_id`, l.92 `dualMap_comp`, l.122 `pullback_id`, l.133 `pullback_comp`, l.178 `homotopyEquivCohomologyIso_hom`
- l.9–19 module docstring is three sentences: no `## Main definitions`, no `## References`, no `## Tags`; prose says "native integral singular-chain complex" (project word for Mathlib's)
- l.25–26 `set_option warningAsError true`, `set_option autoImplicit false` are CI options in a library file; the `module`/`public import` header is Mathlib-current
suggestion: add the six docstrings and a `## References` block (Hatcher §3.1), and parametrise `moduleDual` by `(R : Type u) [Ring R]` and `ModuleCat.{v} R`

## Lib/AlgebraicTopology/SingularCochains/DualEvaluation.lean  (72 declarations, 937 lines)
verdict: B (minor: docs/placement; 21 missing docstrings; project prose)
twin: Hatcher Thm 3.2 (universal coefficient theorem, evaluation half `h : Hⁿ(C; G) → Hom(H_n(C), G)`) and the Kronecker pairing; no Mathlib twin (Mathlib has no UCT)
findings:
- l.449 `cohomologyEvaluation : (dualComplex A K).homology (m+1) → (K.homology (m+1) →ₗ[ℤ] A)`, l.568 `cohomologyEvaluation_natural`, l.771 `_surjective_of_outgoing_projective`, l.857 `_injective_of_local_projective`, l.916/925 `_bijective`/`_isIso_of_local_projective`: exactly Hatcher's evaluation map and the "Ext term vanishes" hypothesis, stated locally in one degree (`Module.Projective ℤ (OutgoingImage J n)`); good statement
- the file contains no topological space: `K : ChainComplex (ModuleCat.{0} ℤ) ℕ` throughout; Mathlib placement is `Algebra/Homology/UniversalCoefficient` or `Algebra/Homology/Kronecker`, not `AlgebraicTopology/SingularCochains/`
- l.586–640 `LocalUCT.exists_section`, `exists_kernel_retraction`, `exists_extension_from_kernel`, `exists_factor_through_range` are general projective-module lemmas over any `R` (`Module.Projective.exists_lift`-style) with no homology content; misfiled
- 21 missing docstrings (l.71, 199, 206, 221, 233, 258, 265, 281, 288, 300, 338, 352, …); positive degree only (`n + 1`), the degree-0 case is excluded by the `ComplexShape` normalisation `normalizedPositiveScIso` l.184
- prose vocabulary "actual cycles", "actual boundaries" (l.13–14), `positiveCocycleValue_eq_literal_val` (l.206): project review-speak in names and docs; `ModuleCat.{0} ℤ`, `AddCommGrpCat.{0}` specialisation as in the parent file
- l.28–29 `set_option warningAsError true`, `autoImplicit false`; module docstring lacks `## Main results`/`## References`
suggestion: move the file (and its `Free`/`CoefficientNormalization` children) under `Lib/Algebra/Homology/`, add the 21 docstrings, and drop "actual"/"literal" from names and prose

## Lib/AlgebraicTopology/SingularCochains/DualEvaluation/CoefficientNormalization.lean  (16 declarations, 246 lines)
verdict: C (`ULift ℤ ≃ₗ[ℤ] ℤ` "repository convention" glue with no textbook counterpart)
twin: none: coefficient transport along `A ≃ₗ[ℤ] B` is a triviality; the `ULift` half exists only because Mathlib's singular chains take `ULift ℤ` coefficients
findings:
- l.34 `dualCoefficientEquiv`, l.63 `precomposeLinear`, l.94 `cohomologyEvaluationAlongCoefficient`, l.114 `_natural`, l.141 `_isIso_of_free_of_projective`: general transport of the evaluation map through a coefficient equivalence; correct but a textbook states the UCT once with arbitrary coefficients instead
- l.155 `uliftIntCoefficientEquiv : ULift.{0} ℤ ≃ₗ[ℤ] ℤ`, l.160 `uliftIntCohomologyEvaluation`, l.188 `singularUliftIntCohomologyEvaluation_isIso_of_projective`, l.200 `uliftIntDualHomologyMap_injective_of_homologyMap_surjective`: the docstring (l.12) calls this "the repository convention"; these are project-specific normalisations feeding one consumer
- 4 missing docstrings (l.55, 72, 103, 165; awk hit l.62 is prose); `ModuleCat.{0} ℤ`, `AddCommGrpCat.{0}` specialisation; l.22–23 CI `set_option`s; module docstring has no `## References`
suggestion: keep `cohomologyEvaluationAlongCoefficient*` in `DualEvaluation.lean` and move the `uliftInt*` block to the consumer (or to the `SingularHomology` glue file that already fixes `ULift ℤ`)

## Lib/AlgebraicTopology/SingularCochains/DualEvaluation/CoordinateChange.lean  (2 declarations, 48 lines)
verdict: B (minor: two `rfl`-level lemmas that belong in the parent file)
twin: none needed: contragredience of dual coordinates (`(r ∘ e)^* = e^* ∘ r⁻¹`) is `LinearEquiv.dualMap`-level algebra (Mathlib/LinearAlgebra/Dual)
findings:
- l.26 `cohomologyEvaluationAlong_trans_apply` (proved by `rfl`) and l.35 `cohomologyEvaluationAlong_trans`: correct and documented; a 48-line file for two lemmas is not Mathlib granularity
- l.6–7 module docstring says the lemmas are "the coordinate-level source of contragredient monodromy": the monodromy is the project's application, not a property of the lemma
- no `module`/`public import` header unlike its siblings (plain `set_option` preamble l.10–11), so the `DualEvaluation` directory mixes the two import styles; `ModuleCat.{0} ℤ`
suggestion: fold both lemmas into `DualEvaluation/Free.lean` next to `cohomologyEvaluationAlong` and delete the file

## Lib/AlgebraicTopology/SingularCochains/DualEvaluation/Free.lean  (11 declarations, 152 lines)
verdict: B (minor: docs/placement; degree-one specialisation kept beside the general one)
twin: Hatcher Thm 3.2 (UCT for a free chain complex, "Ext vanishes when `H_n` is free/projective"); no Mathlib twin (Mathlib has `Module.Free`/`Module.Projective` but no UCT)
findings:
- l.50 `cohomologyEvaluation_isIso_of_free_of_projective` (`[∀ k, Module.Free ℤ (K.X k)]`, `[Module.Projective ℤ (K.homology n)]` ⇒ evaluation is an iso in degree `n+1`), l.63 `cohomologyEvaluationLinear`, l.79 `cohomologyEvaluationAlong` (evaluation composed with a chosen `K.homology (n+1) ≃ₗ[ℤ] L`): the textbook corollary, correctly hypothesised
- l.130 `singularChains_free`, l.135 `singularH1Evaluation_isIso`, l.142 `singularH1EvaluationAlong_isIso`: the degree-one instance kept next to the general `n`; the docstring (l.14) calls the singular case "native ... genuine arbitrary simplex basis", project prose
- 2 missing docstrings (l.71 `cohomologyEvaluationLinear_apply`, l.87 `cohomologyEvaluationAlong_apply`); `ModuleCat.{0} ℤ`/`AddCommGrpCat.{0}`; l.24–25 CI `set_option`s; no `## References`
- placement: the general half is homological algebra (`Lib/Algebra/Homology/`); only l.125–152 concerns spaces
suggestion: move the general half next to `DualEvaluation.lean` under `Lib/Algebra/Homology/`, keep only the `Singular` section here, and drop the degree-one duplicates in favour of `n := 0`

## Lib/AlgebraicTopology/SingularCochains/DualEvaluation/HomeomorphCoordinates.lean  (8 declarations, 196 lines)
verdict: C (`ULift ℤ` convention glue; a global `abbrev A`; "homology markings" project vocabulary)
twin: none: naturality of the Kronecker pairing (Hatcher §3.1, `⟨f^*φ, c⟩ = ⟨φ, f_* c⟩`) is the content, already in `DualEvaluation.cohomologyEvaluation_natural`
findings:
- l.34 `abbrev A : AddCommGrpCat.{0} := AddCommGrpCat.of (ULift.{0} ℤ)`: a one-letter global abbreviation in a namespace, fixing the coefficient group to the project convention
- l.56 `coordinateEvaluation`, l.100 `coordinateEvaluationPositive`, l.65/110 `_pullback`, l.146 `pullback_comp_coordinateEvaluationPositive_eq_of_homologyMap_eq`: "coordinates" and "markings" (a chosen `H_n X ≃ₗ[ℤ] L`) are the project's bookkeeping for comparing two spaces' homology; the textbook statement is naturality of evaluation, which the parent file has
- l.9–11 docstring: "The degree-one API is retained alongside its positive-degree version": two copies of each statement (l.56–98 degree one, l.100–196 positive degree); file name says `Homeomorph` but l.65 `coordinateEvaluation_pullback` is stated for a general continuous map
- 0 missing docstrings; l.21–22 CI `set_option`s; no `## References`
suggestion: delete the degree-one copies and the `abbrev A`, and restate the surviving lemma as a corollary of `cohomologyEvaluation_natural` in `DualEvaluation.lean`

## Lib/AlgebraicTopology/SingularCochains/Generators.lean  (7 declarations, 105 lines)
verdict: B (minor: docs; `X : Type`)
twin: Hatcher §3.1 (a cochain is a function on singular simplices; `Hom(⊕_σ ℤ, A) ≅ ∏_σ A`); Mathlib: `Finsupp.lhom_ext`/`Finsupp.lift` (Mathlib/LinearAlgebra/Finsupp), no cochain twin
findings:
- l.75 `cochain_ext` (two cochains agreeing on every singular simplex are equal), l.90 `cochainFromValues` (a cochain from a function on simplices), l.97 `cochainFromValues_simplex`, l.55 `pullback_simplex`: the free-generator API; general in `A`, but `X : Type` (5 occurrences)
- l.39 `simplexInOpen` (a singular simplex of `X` with image in an open `U` as a simplex of `U`) is a subspace lemma unrelated to cochain generators; l.34 `Cochains X` abbreviation
- 2 missing docstrings (l.47 `simplexInOpen_val`, l.97 `cochainFromValues_simplex`); l.9–12 docstring mentions "independently of sheafification and degree-one arguments" (the project's consumers); l.22–23 CI `set_option`s; no `## References`
suggestion: add the two docstrings and rewrite the module docstring without reference to the project's sheaf/degree-one consumers

## Lib/AlgebraicTopology/SingularCochains/PositivePrimitives.lean  (11 declarations, 161 lines)
verdict: B (minor: docs; privates without docstrings)
twin: Hatcher §3.1 (cohomology of a point vanishes in positive degree) with Mathlib/Algebra/Homology/AlternatingConst.lean (the point complex, imported l.9)
findings:
- l.78 `pointCochain_exactAt_positive`, l.85 `pointCocycle_boundary`, l.96 `homotopy_on_cocycle_succ` (a cochain homotopy makes a cocycle's images differ by a coboundary), l.129 `nullhomotopic_pullback_closed_succ`: the textbook chain, coefficient-generic in `A : AddCommGrpCat.{0}`; good statements
- 5 missing docstrings, all private (l.35 `pointFreeModule`, l.38, 46, 57, 63); prose "actual primitive" (l.15)
- l.13–16 docstring has no `## Main results`/`## References`; l.26–27 CI `set_option`s; `AddCommGrpCat.{0}`/`ModuleCat.{0} ℤ`
suggestion: add a `## References` block naming Hatcher §3.1 and `AlternatingConst`, and docstrings on the private constructions

## Lib/AlgebraicTopology/SingularCochains/Vanishing.lean  (7 declarations, 113 lines)
verdict: C (`ULift ℤ` convention statements; seat/ownership jargon in the module docstring)
twin: Hatcher §3.1 and Thm 3.2 (homotopy invariance of cohomology; vanishing via UCT); no Mathlib twin
findings:
- l.38 `cohomology_subsingleton_of_homotopyEquiv`, l.49 `_iff_of_homotopyEquiv`, l.59 `_iff_of_homeomorph`, l.68 `pointCohomology_subsingleton`, l.75 `contractibleCohomology_subsingleton`: general, coefficient-generic, documented; A-grade on their own
- l.87 `uliftIntCohomology_subsingleton_of_projective_of_homology`, l.101 `uliftIntCohomology_subsingleton_of_adjacent_homology`: stated for the coefficient group `ULift ℤ` "the repository's coefficient convention" (l.16); the textbook statement is for any coefficient group via UCT
- l.9 module docstring opens "This FREE owner packages two standard transports": project seat/ownership vocabulary in library documentation
- 0 missing docstrings; l.26–27 CI `set_option`s; no `## References`
suggestion: rewrite the module docstring (drop "FREE owner", add Hatcher references) and state the UCT vanishing lemmas for a general coefficient group with `ULift ℤ` as a corollary

## Lib/AlgebraicTopology/SingularHomology/Chains.lean  (153 declarations, 1383 lines)
verdict: C (five topics in one file; duplicates the Mathlib-PR copies `SimplexPaths`/`CycleClasses`/`Degree1`; project preamble)
twin: Hatcher §2.1 (named in docstring); Mathlib/AlgebraicTopology/SingularHomology/Basic.lean (singular chains via `TopCat.toSSet`), which l.332 `singularComplex` wraps
findings:
- l.332 `singularComplex (X : Type)`, l.337 `Chains`, l.356 `simplexChain`, l.375 `boundary_simplex`, l.899 `inducedChain`, l.904 `inducedHomology`, l.1075 `chainsEquivFinsupp`, l.1084 `chainBasis`: the chain-level API every `Hurewicz/*` file builds on; correct and fully documented (0 missing docstrings on 153 declarations)
- the file is the pre-PR version of three A-grade files: l.99–335 (`Simplex`, `simplexFace`, `pathSimplex`, `concatSimplex`) = `SimplexPaths.lean`; l.454–782 `SingularChains.ChainHomology.*` (35 declarations, `Cycles1`, `Opchains`, `homologyDesc`, `mapCycles`) = `CycleClasses.lean`; l.783–1030 and l.1126–1383 (`cycleClass`, `inducedCycles`, `homotopyUpper/LowerSimplex`, `homotopyChain`, `boundaryTwo_loopHomotopy`) = `Degree1.lean` §1–2; two copies of each declaration live in Lib under `SingularChains.*` and `AlgebraicTopology.Hurewicz.*`
- five subjects in sequence (standard-simplex faces, path/simplex dictionary, the chain complex, a generic short-complex homology API over `ChainComplex (ModuleCat.{0} ℤ) ℕ`, homotopy 2-simplices): Mathlib would have four files; `ChainHomology` is homological algebra with no space
- `ModuleCat.{0} ℤ`, `X : Type` (17) by inheritance from Mathlib's singular chains; the simplex/path half is `Type*` (28)
- l.81 `set_option maxSynthPendingDepth 3`, l.83 `open ... Filter Manifold`, l.85–88 kitchen-sink `open scoped ... Modular ... UpperHalfPlane`, l.90 `universe u v` unused, l.96 `local notation ... SlashAction.map` (modular forms) in a singular-homology file, l.8 `import Mathlib` under the `module` system
suggestion: retire this file in favour of `SimplexPaths` + `CycleClasses` + `Degree1` (make `SingularChains.singularComplex` an abbreviation of `AlgebraicTopology.Hurewicz.singularComplex`), or at minimum delete the modular-forms preamble and split `ChainHomology` out

# done 28 files
