d335e3ff81d5005efed7359527ba08ad64f95654 → 33f5e2847b927ab5354c1ef7566f5677178bcda5 | cherry-pick + append rule Lib/AxiomAudit.lean(+5 dup0) | b01: Lib.Algebra.Group.Prod Lib.Analysis.Complex.Mobius Lib.AxiomAudit (1-2 together)
d2aa179a89c99ac3bceccdb87a15bbe3c7168c0e → bf1a66c14c3efca2d194e72551caa3cfc8429ad6 | cherry-pick + append rule Lib/AxiomAudit.lean(+3 dup0) | b01: Lib.Algebra.Group.Prod Lib.Analysis.Complex.Mobius Lib.AxiomAudit (1-2 together)
b3f08b95cd537d4eaff83ee08630fe7b594cfcf6 → 259b165e0e853b13989a1a88375c0bfb2f28104d | manual: rerouted to RiemannMapping/PrincipalRoot.lean; AxiomAudit append rule | b03: Lib.Analysis.Complex.RiemannMapping.PrincipalRoot Lib.AxiomAudit (before committing)
e238166cc0dee83e2d879a03af076c289e6debc9 → 044f1f68bc7b6bb786ea6283ee345b6dea705e83 | manual: rerouted to Hopf/Proof/.../RiemannMapping/SectorRoots.lean; probe to Hopf/Proof/AxiomAudit.lean | b04: Hopf.Proof.Analysis.Complex.RiemannMapping.SectorRoots Hopf.Proof.AxiomAudit (before committing)
a75fc8b9b1f4afdb78a7c5656fff13b6d88a273d → 6f8a7681def17e4a3298b8e8608cf7f4b0bea392 | cherry-pick + append rule Lib/AxiomAudit.lean(+3 dup0) | b05-09: Lib Lib.AxiomAudit (5-9 together)
66cf4d4ed7d7ba84b20fb6fff6bf1feb5485a69d → 311e4e298a5040003932e309835f993505633c08 | cherry-pick | b05-09: Lib Lib.AxiomAudit (5-9 together)
b16573b6b356c28c895135f04c7ea80e57e87b96 → a2802ddcc11a3a5e90fdf6d49b7670493466fda9 | cherry-pick | b05-09: Lib Lib.AxiomAudit (5-9 together)
16de82a4615ef983a6821db1537b9f2970d8ab37 → adb08cec4d4051d7f9295373eb40a5523ca96827 | cherry-pick | b05-09: Lib Lib.AxiomAudit (5-9 together)
be8c14af4a5fc3649acd7591c84d6997b9007b7b → 087001b841847faea1c9bc56a9e40a5d953035c7 | cherry-pick | b05-09: Lib Lib.AxiomAudit (5-9 together)
c35f96a00e1c3293ae2a867918a3cf3c611270d9 → dbc9aa8b02f41782ee511478d108d337f0c5eecc | cherry-pick | b10-14: Lib Lib.AxiomAudit (10-14 together)
517c354d41426a5d99a56147d1b03a4f03c9cf28 → 286c8a9e6e6ee6012ef97a8bcd3a70961cc3158e | cherry-pick | b10-14: Lib Lib.AxiomAudit (10-14 together)
097193f015d8194b7ae764ab6b1f0fb2884ae75f → 507d1c87a896ab5c6c5f2deb3a1058d62afb6595 | cherry-pick | b10-14: Lib Lib.AxiomAudit (10-14 together)
9a9fd18377986f9a88c9ec636ca1ccdfc6e4c81b → b152fd57aef9820ba0fad4663664e77d47c48567 | cherry-pick | b10-14: Lib Lib.AxiomAudit (10-14 together)
1b30699d6a9a74e42d9b725efa0f6d9de4275e06 → 594dcfd03520c77625b66ad4645392459c4dcc3b | cherry-pick | b10-14: Lib Lib.AxiomAudit (10-14 together)
9065ab366760d27cb5dde45881088bea0459d273 → 42569e0c444963f336302792005f3e13d3269f25 | cherry-pick | b15-19: Lib Lib.AxiomAudit (15-19 together)
892bed7a9265872b6cc5214096cc74f25e7c86dc → e0cbaa20828f094a84d6a210306e85c50cbb9f45 | cherry-pick | b15-19: Lib Lib.AxiomAudit (15-19 together)
018ffe4f420044f6728e6f74c89221e41ab56eab → af6862a15cccc01f489173746609241d52e4ac4e | cherry-pick | b15-19: Lib Lib.AxiomAudit (15-19 together)
28a074f29a2eada7496123aaf52cc75fcebf67f2 → 1e06f0d36b8408443b5f5b77ff848f12a5554634 | cherry-pick | b15-19: Lib Lib.AxiomAudit (15-19 together)
c68ccce529cf2bfef452c738732249db842dbecf → 0b022058f39467a3c1ed077c4e1205c493aa483d | cherry-pick | b15-19: Lib Lib.AxiomAudit (15-19 together)
14db2720b851801edbe1d9b057c478b52b1a9c5f → c65f15d990007ac71e1afcc1773d8ea93937d4e4 | cherry-pick | b20-24: Lib Lib.AxiomAudit (20-24 together)
12622505efb806ff1a4e324d4d75f41d70f028d0 → 48662acab31d892449a9adbbf33a3fe2ac827994 | cherry-pick | b20-24: Lib Lib.AxiomAudit (20-24 together)
6ea7dce5725bc0f72f3bff6f838f91954cf3cb12 → 59b695f10b80f6ec5c81ede6f580af78376fe30f | cherry-pick | b20-24: Lib Lib.AxiomAudit (20-24 together)
b278f68934dfac0013acfe86b7d62811dd966750 → 833def88f28219f9c321eaff250cb2e1b2ee21be | cherry-pick | b20-24: Lib Lib.AxiomAudit (20-24 together)
c7a420422cbe7c0f207e58413b8e044bcb96e76c → 3b41224d13ff5cc0b4277b60a5d66a0927d6fffe | cherry-pick | b20-24: Lib Lib.AxiomAudit (20-24 together)
d4d2be27bd0f1512bd9633cdfd09b6151f66c904 → 00d936526249a25320a49cb441d2bf0423bc5f11 | cherry-pick | b25-29: Lib Lib.AxiomAudit (25-29 together)
0fbb28733bec910add755221fc546f58f15a742e → 8e3e571d15f2d797dfb50ee20e1028f93eedcabf | cherry-pick | b25-29: Lib Lib.AxiomAudit (25-29 together)
826a4dec061e71444ef87ac5eb2c877cc2aa2a55 → 3869d2570c4e11a6093ba81b5598bd8d0b23860f | cherry-pick | b25-29: Lib Lib.AxiomAudit (25-29 together)
0284a59d485629a52c578c69ecd1a01a8cecff2c → 805baec78e476282e321725f16a3ae9f72c7dd85 | cherry-pick | b25-29: Lib Lib.AxiomAudit (25-29 together)
30994575930d3e62e09f890f81753e8830237546 → 25b5832d551afa25e2b85655b2ef7e0837b41238 | cherry-pick | b25-29: Lib Lib.AxiomAudit (25-29 together)
87ffe268f7eae4f9a946368d80af5fa1d3ba0a65 → 25d36355ae06ce32d101dc17cdc787433318d1e2 | cherry-pick | b30-34: Lib Lib.AxiomAudit (30-34 together)
30eea8213c45608f17e0a86cf995363508db2226 → ba3f4793f9468c6eb431eeab24c6f782e9c66f66 | cherry-pick | b30-34: Lib Lib.AxiomAudit (30-34 together)
05eb3fba6e4d3982698d0961b5c6e186db983fe6 → a516c865445d49f3bbd6f89f36bd8ffc4541ad51 | cherry-pick | b30-34: Lib Lib.AxiomAudit (30-34 together)
21dbfb0649c92ce08f49d8e3e76f72a00ef74575 → 9a6965ac55eee7e748c249e3499c37e4f0bbe6ff | cherry-pick | b30-34: Lib Lib.AxiomAudit (30-34 together)
9c2ebacb9087bed352e943dfe6131e0d767382a3 → 4329360bd5ab3d39e02f15f5891f6cc585aa921c | cherry-pick | b30-34: Lib Lib.AxiomAudit (30-34 together)
992840dfce77507561ab13cd57071d61ab1bf61b → a700536c552391a6610c10b69a31421499541158 | cherry-pick | b35-39: Lib Lib.AxiomAudit (35-39 together)
bc23c9ab8d65dc2b36dba69a5c9c7a3883cce1dd → 510c6d32840f7c4994de7481b70726a398f37e31 | cherry-pick | b35-39: Lib Lib.AxiomAudit (35-39 together)
b261399dac56ea629df693d7fc3d8b1b4422069b → 6c9d06865ffedc855693b765689047c053c45bb3 | cherry-pick | b35-39: Lib Lib.AxiomAudit (35-39 together)
96c29b7549c1b5e659948be526d5cc7f6a0e9c07 → d478f193f6ca186a2e02198ab5e5a6f521791d08 | cherry-pick | b35-39: Lib Lib.AxiomAudit (35-39 together)
7684a773b22d5102c5d9c059a82194f90ab48fe9 → 94d8323e6d292304af7c9fcdb58a54f3fb792553 | cherry-pick | b35-39: Lib Lib.AxiomAudit (35-39 together)
b0260e41d5027588848d220371931f8694ff04e2 → 84dadabeb78defd0b048d0b21c17612d76441014 | cherry-pick | b40-44: Lib Lib.AxiomAudit (40-44 together)
5859bf517f73ce6a3a8cfb3110a32a147eb6fcba → be33e1a8468d090cf9dcdfa1de2870ad76fee2da | cherry-pick | b40-44: Lib Lib.AxiomAudit (40-44 together)
1d54e099db71e0d68df66341f1bf6f1789deb42e → 13a540cdd76dbdc6febf818d21916421cfcc0ae2 | cherry-pick | b40-44: Lib Lib.AxiomAudit (40-44 together)
0d854d5f59d448fc0d19be9ac46c6c6e8aad1041 → 8981fcf1bde94f68afb47cf09c675d6a65eb5880 | cherry-pick | b40-44: Lib Lib.AxiomAudit (40-44 together)
71123c42674c20157c86868fe8ab662d27a0eab3 → 137b344b3c616d186570ec1469c19abdcca42d6d | cherry-pick | b40-44: Lib Lib.AxiomAudit (40-44 together)
4d9d072758832c77619b998dc8f3ef0f919b77b2 → c17cf7417ca0aa8273e7d74752328f99890ce132 | cherry-pick | b45-49: Lib Lib.AxiomAudit (45-49 together)
19e89005e131a8f9911970b6de7cfd1eecab4934 → 9702edf4988eef73f4cb876fce8e987636fad222 | cherry-pick | b45-49: Lib Lib.AxiomAudit (45-49 together)
f910d74d286889d367d4e5d98d276094e36aaf4d → a2c10a8a459e07dd9f73ecb3db3c25d6a8822edb | cherry-pick | b45-49: Lib Lib.AxiomAudit (45-49 together)
b8af9b4171cd081f7d202cbf0b8a15801dc6604c → 490bc5836e16791c8a49bb99b5f0c66c0d4573a9 | cherry-pick | b45-49: Lib Lib.AxiomAudit (45-49 together)
c8a2213df5c96252af4ccffa9b76922c115ba425 → e3c3aee16038c8db55affbb66a0bc0c0f0b691cf | cherry-pick | b45-49: Lib Lib.AxiomAudit (45-49 together)
c3c136b48518dc975a0f6e849399b3714af1c7cd → a52b0fa9c2885e671eacc29dbfe772efb81722a5 | cherry-pick | b50-51: Lib Lib.AxiomAudit (50-51 together)
8ea19482e058279ff948468c36b7925534348615 → 752dfd1ef4e8c14f85de79fc8da5b6c1bfd85aa5 | cherry-pick | b50-51: Lib Lib.AxiomAudit (50-51 together)
