stock declarations under Hopf/: 123  (prefixes: 222, prefixes now absent from Hopf/: 194)
  extracted (no longer under Hopf/): AnnularExtension
  extracted (no longer under Hopf/): ChartMapPerturbation
  extracted (no longer under Hopf/): ChartPuncturedBall
  extracted (no longer under Hopf/): =CleanBigonBoundary
  extracted (no longer under Hopf/): CleanBigonBoundary
  extracted (no longer under Hopf/): =CleanCornerPatch
  extracted (no longer under Hopf/): CleanCornerPatch
  extracted (no longer under Hopf/): =CleanStripPatch
  extracted (no longer under Hopf/): CleanStripPatch
  extracted (no longer under Hopf/): ClosedHandleCore
  extracted (no longer under Hopf/): CoverLocalContributions
  extracted (no longer under Hopf/): CoverOverlapHomology
  extracted (no longer under Hopf/): CurveImmersion
  extracted (no longer under Hopf/): DiskCone
  extracted (no longer under Hopf/): DiskDouble
  extracted (no longer under Hopf/): DiskFraming
  extracted (no longer under Hopf/): DiskOnePointCollapse
  extracted (no longer under Hopf/): EmbeddedCellAttachment
  extracted (no longer under Hopf/): FiberRestriction
  extracted (no longer under Hopf/): FiniteSignedCancellation
  extracted (no longer under Hopf/): FlowConstruction
  extracted (no longer under Hopf/): FrameField
  extracted (no longer under Hopf/): Hemisphere
  extracted (no longer under Hopf/): HomologyTransport
  extracted (no longer under Hopf/): IntegerPresentation
  extracted (no longer under Hopf/): IntersectionCoordinates
  extracted (no longer under Hopf/): LinearSphereAction
  extracted (no longer under Hopf/): ManifoldImmersion
  extracted (no longer under Hopf/): MorseHandle
  extracted (no longer under Hopf/): NativeChartTransition
  extracted (no longer under Hopf/): NativeEuclideanEmbedding
  extracted (no longer under Hopf/): NativeOpenSubmanifold
  extracted (no longer under Hopf/): NativeParametrization
  extracted (no longer under Hopf/): NativeSheetCoordinates
  extracted (no longer under Hopf/): PartialChart
  extracted (no longer under Hopf/): PlanarFrame
  extracted (no longer under Hopf/): PuncturedBall
  extracted (no longer under Hopf/): PuncturedRadial
  extracted (no longer under Hopf/): RadialFilling
  extracted (no longer under Hopf/): RankThreeWhitneyModel
  extracted (no longer under Hopf/): RegularLevel
  extracted (no longer under Hopf/): SheetCorrection
  extracted (no longer under Hopf/): SheetRecognition
  extracted (no longer under Hopf/): =SixSphere
  extracted (no longer under Hopf/): SmallPerturbation
  extracted (no longer under Hopf/): SphereBoundary
  extracted (no longer under Hopf/): SphereReflection
  extracted (no longer under Hopf/): StripCoordinates
  extracted (no longer under Hopf/): =StripNormalData
  extracted (no longer under Hopf/): StripNormalData
  extracted (no longer under Hopf/): =SublevelDisk
  extracted (no longer under Hopf/): SublevelDisk
  extracted (no longer under Hopf/): SupportedDiffeomorph
  extracted (no longer under Hopf/): SuspensionReflection
  extracted (no longer under Hopf/): TransverseCoordinates
  extracted (no longer under Hopf/): =TubularBigon
  extracted (no longer under Hopf/): TubularBigon
  extracted (no longer under Hopf/): =TwoDiskDecomposition
  extracted (no longer under Hopf/): TwoDiskDecomposition
  extracted (no longer under Hopf/): WhitneyPairModel
  extracted (no longer under Hopf/): =bigon_boundary_map_avoids_sheets
  extracted (no longer under Hopf/): =bigon_strip_maps_left_germ
  extracted (no longer under Hopf/): =bigon_strip_maps_right_germ
  extracted (no longer under Hopf/): =exists_bigon_neighborhood_extension_of_circle_nullhomotopies
  extracted (no longer under Hopf/): =exists_circle_neighborhood_extension_of_circle_nullhomotopies
  extracted (no longer under Hopf/): =exists_cleanStripPatch_of_tubular_arc_corners
  extracted (no longer under Hopf/): =exists_clean_ambient_chart_along_embedded_arc
  extracted (no longer under Hopf/): =exists_clean_bigon_boundary_neighborhood
  extracted (no longer under Hopf/): =exists_clean_corner_of_tubular_arcs
  extracted (no longer under Hopf/): =exists_clean_crossingChart
  extracted (no longer under Hopf/): =exists_clean_crossingChart_of_parametrizations
  extracted (no longer under Hopf/): =exists_clean_simultaneous_sheetChart
  extracted (no longer under Hopf/): =exists_clean_strip_pair_neighborhoods
  extracted (no longer under Hopf/): =exists_embedded_bigon_boundary_neighborhood
  extracted (no longer under Hopf/): =exists_embedded_connecting_arc_avoiding_finite_dim_two
  extracted (no longer under Hopf/): =exists_embedded_disk_extension_of_smooth_extension
  extracted (no longer under Hopf/): =exists_filled_clean_bigon_of_collar_disjoint_inner
  extracted (no longer under Hopf/): =exists_isolating_crossing_neighborhood
  extracted (no longer under Hopf/): =exists_native_clean_corner_of_parametrizations
  extracted (no longer under Hopf/): =exists_native_clean_strip_matching_germs
  extracted (no longer under Hopf/): =exists_native_shared_corner_strip_pair_dim_two
  extracted (no longer under Hopf/): =exists_open_corner_overlap
  extracted (no longer under Hopf/): =exists_open_neighborhoods_with_coincidences_in
  extracted (no longer under Hopf/): =exists_short_embedded_arc
  extracted (no longer under Hopf/): =exists_simultaneous_sheetChart
  extracted (no longer under Hopf/): =exists_smooth_bigon_boundary_neighborhood
  extracted (no longer under Hopf/): =exists_smooth_bigon_neighborhood_extension_of_circle_nullhomotopies
  extracted (no longer under Hopf/): =exists_smooth_open_gluing
  extracted (no longer under Hopf/): =exists_strip_along_arc_matching_parametrized_corners
  extracted (no longer under Hopf/): =exists_strip_neighborhood_with_exact_endpoint_contacts
  extracted (no longer under Hopf/): =exists_tubular_connecting_arc_avoiding_finite_with_global_zero
  extracted (no longer under Hopf/): =finite_transverse_intersections
  extracted (no longer under Hopf/): =homeomorphSphereOfSublevelDisks
  extracted (no longer under Hopf/): =homeomorphic_sixSphere_of_homotopySixSphere
  extracted (no longer under Hopf/): =homotopySixSphere_homology_subsingleton
  extracted (no longer under Hopf/): =injective_nativeDerivative_bigon_boundary
  extracted (no longer under Hopf/): =injective_nativeDerivative_of_strip_germ
  extracted (no longer under Hopf/): =isDiscrete_transverse_intersections
  extracted (no longer under Hopf/): =negLevelHomeomorph
  extracted (no longer under Hopf/): =nonempty_cleanBigonBoundary
  extracted (no longer under Hopf/): =nonempty_cleanCornerPatch_of_tubular_arcs
  extracted (no longer under Hopf/): =pathConnectedSpace_of_homotopySixSphere
  extracted (no longer under Hopf/): =simplyConnectedSpace_of_homotopySixSphere
  extracted (no longer under Hopf/): =strip_center_coincidences_of_corner_overlap
  extracted (no longer under Hopf/): =twoDiskDecompositionOfSublevels
  extracted (no longer under Hopf/): BasedDiskLifting
  extracted (no longer under Hopf/): CircleGluing
  extracted (no longer under Hopf/): DiskCube
  extracted (no longer under Hopf/): DiskShrinking
  extracted (no longer under Hopf/): FieldChartGluing
  extracted (no longer under Hopf/): FlowCancellation
  extracted (no longer under Hopf/): FlowSuspension
  extracted (no longer under Hopf/): FlowTimeChange
  extracted (no longer under Hopf/): LowCellLifting
  extracted (no longer under Hopf/): MorseCancellationPreservation
  extracted (no longer under Hopf/): MorseCells
  extracted (no longer under Hopf/): MorseRearrangement
  extracted (no longer under Hopf/): NativeCubicCancellation
  extracted (no longer under Hopf/): PassageHomology
  extracted (no longer under Hopf/): SignedCoordinates
  extracted (no longer under Hopf/): =Sphere
  extracted (no longer under Hopf/): Threefold
  extracted (no longer under Hopf/): TopCellLifting
  extracted (no longer under Hopf/): TransverseGerms
  extracted (no longer under Hopf/): =exists_right_homotopy_inverse
  extracted (no longer under Hopf/): =right_inverse_is_left_inverse
  extracted (no longer under Hopf/): =sphereHomotopyEquiv
  extracted (no longer under Hopf/): =sphereMap_piSix_bijective
  extracted (no longer under Hopf/): =threefoldHomotopyEquiv
  extracted (no longer under Hopf/): ClosedHemisphere
  extracted (no longer under Hopf/): IntLinearAutomorphism
  extracted (no longer under Hopf/): =Sphere
  extracted (no longer under Hopf/): =UnitSphere
  extracted (no longer under Hopf/): =chartContractionHomotopy
  extracted (no longer under Hopf/): =contMDiff_normalize
  extracted (no longer under Hopf/): =exists_smoothSphereRepresentative
  extracted (no longer under Hopf/): =hyperplaneReflectionOperator
  extracted (no longer under Hopf/): =hyperplaneReflectionOperator_apply
  extracted (no longer under Hopf/): =nearbyNormalizationHomotopy
  extracted (no longer under Hopf/): =nearby_segment_dist_lt
  extracted (no longer under Hopf/): =nearby_segment_ne_zero
  extracted (no longer under Hopf/): =nearby_unit_ne_zero
  extracted (no longer under Hopf/): =normalizedSphereMap
  extracted (no longer under Hopf/): =sphereMap_nullhomotopic_of_dim_lt
  extracted (no longer under Hopf/): =sphereMap_nullhomotopic_of_omitted_point
  extracted (no longer under Hopf/): =sphere_sphere_nullhomotopic
  extracted (no longer under Hopf/): SmoothMorseLemma
  extracted (no longer under Hopf/): LineBundleTransport
  extracted (no longer under Hopf/): FirstHurewicz
  extracted (no longer under Hopf/): SingularMayerVietoris
  extracted (no longer under Hopf/): SphereHomology
  extracted (no longer under Hopf/): EuclideanSphere
  extracted (no longer under Hopf/): SixSphereHomology
  extracted (no longer under Hopf/): ManifoldAtlasTransport
  extracted (no longer under Hopf/): PeriodTorusHigherHomology
  extracted (no longer under Hopf/): PeriodTorusHigherHomologyPontryagin
  extracted (no longer under Hopf/): PeriodTorusHigherHomologyExterior
  extracted (no longer under Hopf/): HigherHurewicz
  extracted (no longer under Hopf/): SecondHurewicz
  extracted (no longer under Hopf/): ThirdHurewicz
  extracted (no longer under Hopf/): FourthHurewicz
  extracted (no longer under Hopf/): FifthHurewicz
  extracted (no longer under Hopf/): SixthHurewicz
  extracted (no longer under Hopf/): FundamentalGroup.VanKampen
  extracted (no longer under Hopf/): SimplyConnectedCover
  extracted (no longer under Hopf/): TriangleRegularBaseFundamentalGroup
  extracted (no longer under Hopf/): _root_
  extracted (no longer under Hopf/): RiemannMapping
  extracted (no longer under Hopf/): RiemannBoundary
  extracted (no longer under Hopf/): SchwarzReflection
  extracted (no longer under Hopf/): RiemannSphere
  extracted (no longer under Hopf/): TriangleRiemannNormalization
  extracted (no longer under Hopf/): HolomorphicCousin
  extracted (no longer under Hopf/): AnalyticRootCover
  extracted (no longer under Hopf/): AnalyticRootCoverContinuation
  extracted (no longer under Hopf/): LocalOrbitQuotient
  extracted (no longer under Hopf/): OnePointAtlas
  extracted (no longer under Hopf/): TwoAffineCharts
  extracted (no longer under Hopf/): FreeActionLocus
  extracted (no longer under Hopf/): BranchedQuotientAtlas
  extracted (no longer under Hopf/): CoveringQuotient
  extracted (no longer under Hopf/): DiscreteQuotient
  extracted (no longer under Hopf/): InvariantSubsetQuotient
  extracted (no longer under Hopf/): CoveringOrthant
  extracted (no longer under Hopf/): ProductRestriction
  extracted (no longer under Hopf/): DiagonalQuotient
  extracted (no longer under Hopf/): TwoOpenTransition
  extracted (no longer under Hopf/): SplitGroupExtension
  extracted (no longer under Hopf/): MappingTorus
  extracted (no longer under Hopf/): MappingTorusHomology
  extracted (no longer under Hopf/): ThreefoldHomologyFinitenessRetraction
  extracted (no longer under Hopf/): CuspRetraction.Patching
  extracted (no longer under Hopf/): TwistGroup
  extracted (no longer under Hopf/): SphereCone
ratchet PASS: 123 <= baseline 1648
done 0
